[2026-07-25T16:18:28+03:00] PDOException: SQLSTATE[42S22]: Column not found: 1054 Unknown column 'p.table_session_id' in 'WHERE' @ /home/cherryho/public_html/cashier/index.php:41 []
[2026-07-25T16:18:36+03:00] PDOException: SQLSTATE[42S22]: Column not found: 1054 Unknown column 'p.table_session_id' in 'WHERE' @ /home/cherryho/public_html/cashier/index.php:41 []
[2026-07-25T16:18:41+03:00] PDOException: SQLSTATE[42S22]: Column not found: 1054 Unknown column 'p.table_session_id' in 'WHERE' @ /home/cherryho/public_html/cashier/index.php:41 []
[2026-07-25T17:04:48+03:00] PDOException: SQLSTATE[42S22]: Column not found: 1054 Unknown column 'actor_name' in 'INSERT INTO' @ /home/cherryho/public_html/app/bootstrap.php:70 {"audit_event":"system_update"}
[2026-07-25T17:04:52+03:00] PDOException: SQLSTATE[42S22]: Column not found: 1054 Unknown column 'actor_name' in 'INSERT INTO' @ /home/cherryho/public_html/app/bootstrap.php:70 {"audit_event":"admin_login"}
[2026-07-25T17:05:12+03:00] PDOException: SQLSTATE[42S22]: Column not found: 1054 Unknown column 'actor_name' in 'INSERT INTO' @ /home/cherryho/public_html/app/bootstrap.php:70 {"audit_event":"security_settings_updated"}
[2026-07-25T17:06:02+03:00] PDOException: SQLSTATE[42S22]: Column not found: 1054 Unknown column 'actor_name' in 'INSERT INTO' @ /home/cherryho/public_html/app/bootstrap.php:70 {"audit_event":"admin_login"}
[2026-07-25T17:09:30+03:00] PDOException: SQLSTATE[42S22]: Column not found: 1054 Unknown column 'actor_name' in 'INSERT INTO' @ /home/cherryho/public_html/app/bootstrap.php:70 {"audit_event":"system_update"}
[2026-07-25T17:09:38+03:00] PDOException: SQLSTATE[42S22]: Column not found: 1054 Unknown column 'actor_name' in 'INSERT INTO' @ /home/cherryho/public_html/app/bootstrap.php:70 {"audit_event":"database_backup_created"}
[2026-07-25T17:13:00+03:00] PDOException: SQLSTATE[42S22]: Column not found: 1054 Unknown column 'actor_name' in 'INSERT INTO' @ /home/cherryho/public_html/app/bootstrap.php:70 {"audit_event":"system_update"}
[2026-07-25T17:13:31+03:00] Error: Call to undefined function require_permission() @ /home/cherryho/public_html/admin/permissions.php:5 []
[2026-07-25T17:14:46+03:00] Error: Call to undefined function require_permission() @ /home/cherryho/public_html/admin/permissions.php:5 []
[2026-07-25T17:23:17+03:00] PDOException: There is no active transaction @ /home/cherryho/public_html/update/index.php:38 {"update":"3.0.0"}
[2026-07-25T17:23:31+03:00] PDOException: There is no active transaction @ /home/cherryho/public_html/update/index.php:38 {"update":"3.0.0"}
[2026-07-25T21:30:37+03:00] TypeError: qrx_all_settings(): Argument #1 ($pdo) must be of type PDO, null given, called in /home/cherryho/public_html/admin/qr-experience-v2/index.php on line 6 @ /home/cherryho/public_html/app/Modules/QRExperience/helpers.php:20 []
[2026-07-25T21:32:19+03:00] TypeError: qrx_all_settings(): Argument #1 ($pdo) must be of type PDO, null given, called in /home/cherryho/public_html/admin/qr-experience-v2/index.php on line 6 @ /home/cherryho/public_html/app/Modules/QRExperience/helpers.php:20 []
[2026-07-25T22:22:22+03:00] PDOException: SQLSTATE[42S22]: Column not found: 1054 Unknown column 'badge_text' in 'SELECT' @ /home/cherryho/public_html/app/Modules/QRExperience/helpers.php:37 {"qrx_product_badges_map":true}
[2026-07-25T22:37:04+03:00] PDOException: SQLSTATE[42S22]: Column not found: 1054 Unknown column 'badge_text' in 'SELECT' @ /home/cherryho/public_html/app/Modules/QRExperience/helpers.php:37 {"qrx_product_badges_map":true}
[2026-07-25T22:37:05+03:00] PDOException: SQLSTATE[42S22]: Column not found: 1054 Unknown column 'badge_text' in 'SELECT' @ /home/cherryho/public_html/app/Modules/QRExperience/helpers.php:37 {"qrx_product_badges_map":true}
[2026-07-25T22:39:45+03:00] Error: Call to undefined function app_integrity_report() @ /home/cherryho/public_html/admin/system-center.php:8 []
[2026-07-25T22:40:20+03:00] Error: Call to undefined function app_integrity_report() @ /home/cherryho/public_html/admin/system-center.php:8 []
[2026-07-25T22:44:08+03:00] PDOException: SQLSTATE[42S22]: Column not found: 1054 Unknown column 'badge_text' in 'SELECT' @ /home/cherryho/public_html/app/Modules/QRExperience/helpers.php:37 {"qrx_product_badges_map":true}
[2026-07-25T22:44:10+03:00] PDOException: SQLSTATE[42S22]: Column not found: 1054 Unknown column 'badge_text' in 'SELECT' @ /home/cherryho/public_html/app/Modules/QRExperience/helpers.php:37 {"qrx_product_badges_map":true}
[2026-07-25T22:44:11+03:00] PDOException: SQLSTATE[42S22]: Column not found: 1054 Unknown column 'badge_text' in 'SELECT' @ /home/cherryho/public_html/app/Modules/QRExperience/helpers.php:37 {"qrx_product_badges_map":true}
[2026-07-25T22:44:12+03:00] PDOException: SQLSTATE[42S22]: Column not found: 1054 Unknown column 'badge_text' in 'SELECT' @ /home/cherryho/public_html/app/Modules/QRExperience/helpers.php:37 {"qrx_product_badges_map":true}
[2026-07-25T22:44:12+03:00] PDOException: SQLSTATE[42S22]: Column not found: 1054 Unknown column 'badge_text' in 'SELECT' @ /home/cherryho/public_html/app/Modules/QRExperience/helpers.php:37 {"qrx_product_badges_map":true}
[2026-07-25T22:44:15+03:00] PDOException: SQLSTATE[42S22]: Column not found: 1054 Unknown column 'badge_text' in 'SELECT' @ /home/cherryho/public_html/app/Modules/QRExperience/helpers.php:37 {"qrx_product_badges_map":true}
[2026-07-25T22:44:16+03:00] PDOException: SQLSTATE[42S22]: Column not found: 1054 Unknown column 'badge_text' in 'SELECT' @ /home/cherryho/public_html/app/Modules/QRExperience/helpers.php:37 {"qrx_product_badges_map":true}
[2026-07-25T22:44:17+03:00] PDOException: SQLSTATE[42S22]: Column not found: 1054 Unknown column 'badge_text' in 'SELECT' @ /home/cherryho/public_html/app/Modules/QRExperience/helpers.php:37 {"qrx_product_badges_map":true}
[2026-07-25T22:44:18+03:00] PDOException: SQLSTATE[42S22]: Column not found: 1054 Unknown column 'badge_text' in 'SELECT' @ /home/cherryho/public_html/app/Modules/QRExperience/helpers.php:37 {"qrx_product_badges_map":true}
[2026-07-25T22:44:19+03:00] PDOException: SQLSTATE[42S22]: Column not found: 1054 Unknown column 'badge_text' in 'SELECT' @ /home/cherryho/public_html/app/Modules/QRExperience/helpers.php:37 {"qrx_product_badges_map":true}
[2026-07-25T22:44:20+03:00] PDOException: SQLSTATE[42S22]: Column not found: 1054 Unknown column 'badge_text' in 'SELECT' @ /home/cherryho/public_html/app/Modules/QRExperience/helpers.php:37 {"qrx_product_badges_map":true}
[2026-07-25T22:44:22+03:00] PDOException: SQLSTATE[42S22]: Column not found: 1054 Unknown column 'badge_text' in 'SELECT' @ /home/cherryho/public_html/app/Modules/QRExperience/helpers.php:37 {"qrx_product_badges_map":true}
[2026-07-25T22:44:23+03:00] PDOException: SQLSTATE[42S22]: Column not found: 1054 Unknown column 'badge_text' in 'SELECT' @ /home/cherryho/public_html/app/Modules/QRExperience/helpers.php:37 {"qrx_product_badges_map":true}
[2026-07-25T22:44:26+03:00] PDOException: SQLSTATE[42S22]: Column not found: 1054 Unknown column 'badge_text' in 'SELECT' @ /home/cherryho/public_html/app/Modules/QRExperience/helpers.php:37 {"qrx_product_badges_map":true}
[2026-07-25T22:44:27+03:00] PDOException: SQLSTATE[42S22]: Column not found: 1054 Unknown column 'badge_text' in 'SELECT' @ /home/cherryho/public_html/app/Modules/QRExperience/helpers.php:37 {"qrx_product_badges_map":true}
[2026-07-25T22:44:28+03:00] PDOException: SQLSTATE[42S22]: Column not found: 1054 Unknown column 'badge_text' in 'SELECT' @ /home/cherryho/public_html/app/Modules/QRExperience/helpers.php:37 {"qrx_product_badges_map":true}
[2026-07-25T22:44:29+03:00] PDOException: SQLSTATE[42S22]: Column not found: 1054 Unknown column 'badge_text' in 'SELECT' @ /home/cherryho/public_html/app/Modules/QRExperience/helpers.php:37 {"qrx_product_badges_map":true}
[2026-07-25T22:44:31+03:00] PDOException: SQLSTATE[42S22]: Column not found: 1054 Unknown column 'badge_text' in 'SELECT' @ /home/cherryho/public_html/app/Modules/QRExperience/helpers.php:37 {"qrx_product_badges_map":true}
[2026-07-25T22:49:51+03:00] Error: Call to undefined function app_release_label() @ /home/cherryho/public_html/app/System/SystemHealth.php:48 []
[2026-07-25T22:50:10+03:00] Error: Call to undefined function app_release_label() @ /home/cherryho/public_html/app/System/SystemHealth.php:48 []
[2026-07-29T20:19:23+03:00] Error: Class "BusinessDayService" not found @ /home/cherryho/public_html/admin/business-day.php:5 []
[2026-07-29T23:42:50+03:00] TypeError: str_contains(): Argument #1 ($haystack) must be of type string, null given @ /home/cherryho/public_html/app/bootstrap.php:9 {"update":"29.1.1"}
[2026-07-29T23:45:27+03:00] TypeError: str_contains(): Argument #1 ($haystack) must be of type string, null given @ /home/cherryho/public_html/app/bootstrap.php:9 {"update":"29.1.1"}
[2026-07-30T00:02:52+03:00] TypeError: setting(): Argument #2 ($default) must be of type string, int given, called in /home/cherryho/public_html/admin/qr-experience/index.php on line 85 @ /home/cherryho/public_html/app/bootstrap.php:87 []
[2026-07-30T00:02:57+03:00] TypeError: setting(): Argument #2 ($default) must be of type string, int given, called in /home/cherryho/public_html/admin/qr-experience/index.php on line 85 @ /home/cherryho/public_html/app/bootstrap.php:87 []
[2026-07-30T00:02:59+03:00] TypeError: setting(): Argument #2 ($default) must be of type string, int given, called in /home/cherryho/public_html/admin/qr-experience/index.php on line 85 @ /home/cherryho/public_html/app/bootstrap.php:87 []
[2026-07-30T00:02:59+03:00] TypeError: setting(): Argument #2 ($default) must be of type string, int given, called in /home/cherryho/public_html/admin/qr-experience/index.php on line 85 @ /home/cherryho/public_html/app/bootstrap.php:87 []
[2026-07-30T00:03:08+03:00] TypeError: setting(): Argument #2 ($default) must be of type string, int given, called in /home/cherryho/public_html/admin/qr-experience/index.php on line 85 @ /home/cherryho/public_html/app/bootstrap.php:87 []
[2026-07-30T00:03:20+03:00] TypeError: setting(): Argument #2 ($default) must be of type string, int given, called in /home/cherryho/public_html/admin/qr-experience/index.php on line 85 @ /home/cherryho/public_html/app/bootstrap.php:87 []
[2026-07-30T00:03:21+03:00] TypeError: setting(): Argument #2 ($default) must be of type string, int given, called in /home/cherryho/public_html/admin/qr-experience/index.php on line 85 @ /home/cherryho/public_html/app/bootstrap.php:87 []
[2026-07-30T00:03:34+03:00] TypeError: setting(): Argument #2 ($default) must be of type string, int given, called in /home/cherryho/public_html/admin/qr-experience/index.php on line 85 @ /home/cherryho/public_html/app/bootstrap.php:87 []
[2026-08-01T17:19:56+03:00] Error: Class "QrThemeRegistry" not found @ /home/cherryho/public_html/admin/qr-experience/index.php:3 []
[2026-08-01T17:20:00+03:00] Error: Class "QrThemeRegistry" not found @ /home/cherryho/public_html/admin/qr-experience/index.php:3 []
[2026-08-03T14:46:41+03:00] Error: Call to undefined function table_lifecycle_service() @ /home/cherryho/public_html/update/v30.5.0/index.php:20 {"update":"30.5.0"}
[2026-08-04T14:29:52+03:00] RuntimeException: Geçersiz güvenlik anahtarı. @ /home/cherryho/public_html/admin/backup.php:5 []
[2026-08-04T17:40:20+03:00] TypeError: ControlCenterRegistry::item(): Argument #5 ($permission) must be of type string, null given, called in /home/cherryho/public_html/app/ControlCenter/ControlCenterRegistry.php on line 43 @ /home/cherryho/public_html/app/ControlCenter/ControlCenterRegistry.php:62 []
[2026-08-04T17:43:21+03:00] TypeError: ControlCenterRegistry::item(): Argument #5 ($permission) must be of type string, null given, called in /home/cherryho/public_html/app/ControlCenter/ControlCenterRegistry.php on line 43 @ /home/cherryho/public_html/app/ControlCenter/ControlCenterRegistry.php:62 []
